HMS-API-AIA-RW
HMS-API-AMA-RW
HMS-API-AMR-RW
HMS-API-DASH
HMS-API-DLD-R
HMS-API-DLD-RW
HMS-API-EML-RW
HMS-API-IT-RW
HMS-API-JRD-R
HMS-API-JRD-RW
HMS-API-MPACK-R
HMS-API-PACK-R
HMS-API-RD-R
HMS-API-RD-RW
HMS-API-RDA-RW
HMS-API-RDD-RW
HMS-API-RDE-RW
HMS-API-SAM-RW
HMS-API-SAMT-RW
HMS-API-SINTENT-RW
HMS-API-SINTENTA-RW
HMS-API-SRM-RW
HMS-API-UHID-R
HMS-API-WTSAP-RW
HMS-P-AA-RW
HMS-P-ADASH
HMS-P-ADMD-RW
HMS-P-ADML-RW
HMS-P-AIN-R
HMS-P-AIN-RW
HMS-P-AM-R
HMS-P-AM-RW
HMS-P-AMD-RW
HMS-P-AME-RW
HMS-P-ASR-RW
HMS-P-BLK-RW
HMS-P-BLKD-RW
HMS-P-BROOM-RW
HMS-P-BT-R
HMS-P-BT-RW
HMS-P-BTD-RW
HMS-P-BTE-RW
HMS-P-CC-RW
HMS-P-CCC-RW
HMS-P-CCD-RW
HMS-P-CCGAH-RW
HMS-P-CCGAS-RW
HMS-P-CCGMPB-RW
HMS-P-CCGRP-RW
HMS-P-CCIPAB-RW
HMS-P-CCOPPB-RW
HMS-P-CCPRP-RW
HMS-P-CCUPB-RW
HMS-P-CL-RW
HMS-P-CSIL-RW
HMS-P-CSLD-RW
HMS-P-CSLM-RW
HMS-P-CSLR-RW
HMS-P-CTI-RW
HMS-P-CTIA-RW
HMS-P-DBUDR-R
HMS-P-DDASH
HMS-P-DFC-R
HMS-P-DFC-RW
HMS-P-DFCA
HMS-P-DFCE
HMS-P-DFCR-R
HMS-P-DIS-RW
HMS-P-DO-RW
HMS-P-DR-RW
HMS-P-DRM-RW
HMS-P-GADM-RW
HMS-P-GPR-RW
HMS-P-GPRA-RW
HMS-P-GRN-RW
HMS-P-GRNA-RW
HMS-P-GRNR-RW
HMS-P-HMS
HMS-P-HRIN-R
HMS-P-HRIN-RW
HMS-P-HRINA-RW
HMS-P-HRINP-RW
HMS-P-HVCC-R
HMS-P-HVCC-RW
HMS-P-IB-R
HMS-P-IB-RW
HMS-P-IBD-RW
HMS-P-IBE-RW
HMS-P-ICD-RW
HMS-P-IP-R
HMS-P-IP-RW
HMS-P-IPD-RW
HMS-P-IPE-RW
HMS-P-IPEMR-RW
HMS-P-IPH
HMS-P-IPKG-RW
HMS-P-IPKGD-RW
HMS-P-IPKGE-RW
HMS-P-JRDA-RW
HMS-P-JRDD-RW
HMS-P-JRDE-RW
HMS-P-LBDI-RW
HMS-P-LBRI-RW
HMS-P-LND-RW
HMS-P-MHC-R
HMS-P-MHC-RW
HMS-P-MHCA-RW
HMS-P-MHCD-RW
HMS-P-MHCE-RW
HMS-P-MHCR-RW
HMS-P-MHCS-RW
HMS-P-MHPCK-RW
HMS-P-MHPSD-RW
HMS-P-MPKG-RW
HMS-P-MPKGD-RW
HMS-P-MPKGE-RW
HMS-P-MR-RW
HMS-P-MRA-RW
HMS-P-MRD-R
HMS-P-MRD-RW
HMS-P-MRL-RW
HMS-P-MT-RW
HMS-P-NS-RW
HMS-P-NSD-RW
HMS-P-OCR-RW
HMS-P-OPEMRD-RW
HMS-P-OPEMRDC
HMS-P-OPEMRDC-RW
HMS-P-OPEMRGD-RW
HMS-P-OPEMRGM-RW
HMS-P-OPEMRGP-RW
HMS-P-OPEMRGS-RW
HMS-P-OPEMRVE-RW
HMS-P-OPH
HMS-P-OPSRBD-RW
HMS-P-OS-RW
HMS-P-OTIR-R
HMS-P-OTIR-RW
HMS-P-OTIRD-RW
HMS-P-OTIRE-RW
HMS-P-OTM-R
HMS-P-OTM-RW
HMS-P-OTMB-RW
HMS-P-OTMBD-RW
HMS-P-OTMBE-RW
HMS-P-OTMD-RW
HMS-P-OTME-RW
HMS-P-OTSS-R
HMS-P-OTSS-RW
HMS-P-OTSSA-RW
HMS-P-OTSSD-RW
HMS-P-OTSSE-RW
HMS-P-OTSSU-RW
HMS-P-PAS-RW
HMS-P-PC-RW
HMS-P-PCB_RW
HMS-P-PCD-RW
HMS-P-PCOPP-RW
HMS-P-PDB-RW
HMS-P-PER-RW
HMS-P-PFB-RW
HMS-P-PGEB-RW
HMS-P-PGLBU-RW
HMS-P-PGPBT-RW
HMS-P-PGS-RW
HMS-P-PGSRD-RW
HMS-P-PHVSB-RW
HMS-P-PI-RW
HMS-P-PID-RW
HMS-P-PIN-RW
HMS-P-PMC-RW
HMS-P-PO-RW
HMS-P-POA-RW
HMS-P-POL-RW
HMS-P-PPD-RW
HMS-P-PR-RW
HMS-P-PRA-RW
HMS-P-PRL-RW
HMS-P-PSB-RW
HMS-P-PSG-RW
HMS-P-PSH-RW
HMS-P-PSIP-RW
HMS-P-PSM-RW
HMS-P-RBILL
HMS-P-RCAT-RW
HMS-P-RCATD-RW
HMS-P-RCLN-RW
HMS-P-RENQ-RW
HMS-P-RKIT-RW
HMS-P-RKITD-RW
HMS-P-RM-RW
HMS-P-RMD-RW
HMS-P-ROR-RW
HMS-P-RSD-RW
HMS-P-RSDD-RW
HMS-P-RSHFT-RW
HMS-P-RSHFTD-RW
HMS-P-S360-RW
HMS-P-SADM-RW
HMS-P-SDUI-RW
HMS-P-SGLA-RW
HMS-P-SGRN
HMS-P-SGRN-RW
HMS-P-SIDEBAR
HMS-P-SRBD-RW
HMS-P-SRGPD-RW
HMS-P-SRM-RW
HMS-P-ST-RW
HMS-P-STA-RW
HMS-P-SUM-R
HMS-P-SUM-RW
HMS-P-SUMA-RW
HMS-P-SUMD-RW
HMS-P-SUME-RW
HMS-P-VCC-R
HMS-P-VCC-RW
HMS-P-VCD-RW
HMS-P-VCE-RW
HMS-P-VEV
HMS-P-VI-R
HMS-P-VI-RW
HMS-P-VID-RW
HMS-P-VIE-RW
HMS-P-VIN-RW
HMS-P-VINA-RW
HMS-P-VINE-RW
HMS-P-VINR-R
HMS-P-VND-RW
HMS-P-VNDD-RW
HMS-P-VPP
HMS-P-VS-R
HMS-P-VS-RW
HMS-P-VSRP
HMS-P-VV-R
HMS-P-VV-RW
HMS-P-VVD-RW
HMS-P-VVE-RW
HMS-P-WR-RW
